1780930624.030980 client started (1911980): version 3.4, socket /tmp/tmux-1001/default, protocol 8
1780930624.031042 on Linux 6.8.0-101-generic #101-Ubuntu SMP PREEMPT_DYNAMIC Mon Feb  9 10:15:05 UTC 2026
1780930624.031052 using libevent 2.1.12-stable poll
1780930624.031059 using ncurses 6.4 20240113
1780930624.031105 flags are 0x10010000
1780930624.031143 socket is /tmp/tmux-1001/default
1780930624.031171 trying connect
1780930624.031367 add peer 0x59d6e8449210: 6 ((nil))
1780930624.032020 sending message 100 to peer 0x59d6e8449210 (4 bytes)
1780930624.032046 sending message 111 to peer 0x59d6e8449210 (8 bytes)
1780930624.032054 sending message 101 to peer 0x59d6e8449210 (16 bytes)
1780930624.032061 sending message 109 to peer 0x59d6e8449210 (4 bytes)
1780930624.032068 sending message 102 to peer 0x59d6e8449210 (12 bytes)
1780930624.032075 sending message 108 to peer 0x59d6e8449210 (36 bytes)
1780930624.032082 sending message 112 to peer 0x59d6e8449210 (70 bytes)
1780930624.032090 sending message 112 to peer 0x59d6e8449210 (5 bytes)
1780930624.032097 sending message 112 to peer 0x59d6e8449210 (5 bytes)
1780930624.032104 sending message 112 to peer 0x59d6e8449210 (6 bytes)
1780930624.032110 sending message 112 to peer 0x59d6e8449210 (6 bytes)
1780930624.032117 sending message 112 to peer 0x59d6e8449210 (11 bytes)
1780930624.032124 sending message 112 to peer 0x59d6e8449210 (10 bytes)
1780930624.032131 sending message 112 to peer 0x59d6e8449210 (13 bytes)
1780930624.032138 sending message 112 to peer 0x59d6e8449210 (13 bytes)
1780930624.032145 sending message 112 to peer 0x59d6e8449210 (18 bytes)
1780930624.032151 sending message 112 to peer 0x59d6e8449210 (11 bytes)
1780930624.032158 sending message 112 to peer 0x59d6e8449210 (21 bytes)
1780930624.032165 sending message 112 to peer 0x59d6e8449210 (13 bytes)
1780930624.032172 sending message 112 to peer 0x59d6e8449210 (7 bytes)
1780930624.032178 sending message 112 to peer 0x59d6e8449210 (13 bytes)
1780930624.032185 sending message 112 to peer 0x59d6e8449210 (7 bytes)
1780930624.032192 sending message 112 to peer 0x59d6e8449210 (13 bytes)
1780930624.032198 sending message 112 to peer 0x59d6e8449210 (9 bytes)
1780930624.032205 sending message 112 to peer 0x59d6e8449210 (21 bytes)
1780930624.032212 sending message 112 to peer 0x59d6e8449210 (13 bytes)
1780930624.032219 sending message 112 to peer 0x59d6e8449210 (8 bytes)
1780930624.032225 sending message 112 to peer 0x59d6e8449210 (12 bytes)
1780930624.032232 sending message 112 to peer 0x59d6e8449210 (13 bytes)
1780930624.032239 sending message 112 to peer 0x59d6e8449210 (9 bytes)
1780930624.032245 sending message 112 to peer 0x59d6e8449210 (9 bytes)
1780930624.032252 sending message 112 to peer 0x59d6e8449210 (12 bytes)
1780930624.032259 sending message 112 to peer 0x59d6e8449210 (8 bytes)
1780930624.032265 sending message 112 to peer 0x59d6e8449210 (7 bytes)
1780930624.032272 sending message 112 to peer 0x59d6e8449210 (7 bytes)
1780930624.032279 sending message 112 to peer 0x59d6e8449210 (9 bytes)
1780930624.032285 sending message 112 to peer 0x59d6e8449210 (13 bytes)
1780930624.032292 sending message 112 to peer 0x59d6e8449210 (9 bytes)
1780930624.032299 sending message 112 to peer 0x59d6e8449210 (15 bytes)
1780930624.032306 sending message 112 to peer 0x59d6e8449210 (13 bytes)
1780930624.032313 sending message 112 to peer 0x59d6e8449210 (12 bytes)
1780930624.032319 sending message 112 to peer 0x59d6e8449210 (8 bytes)
1780930624.032326 sending message 112 to peer 0x59d6e8449210 (14 bytes)
1780930624.032333 sending message 112 to peer 0x59d6e8449210 (9 bytes)
1780930624.032340 sending message 112 to peer 0x59d6e8449210 (10 bytes)
1780930624.032347 sending message 112 to peer 0x59d6e8449210 (10 bytes)
1780930624.032353 sending message 112 to peer 0x59d6e8449210 (10 bytes)
1780930624.032360 sending message 112 to peer 0x59d6e8449210 (10 bytes)
1780930624.032367 sending message 112 to peer 0x59d6e8449210 (11 bytes)
1780930624.032373 sending message 112 to peer 0x59d6e8449210 (10 bytes)
1780930624.032380 sending message 112 to peer 0x59d6e8449210 (8 bytes)
1780930624.032409 sending message 112 to peer 0x59d6e8449210 (11 bytes)
1780930624.032416 sending message 112 to peer 0x59d6e8449210 (11 bytes)
1780930624.032423 sending message 112 to peer 0x59d6e8449210 (11 bytes)
1780930624.032430 sending message 112 to peer 0x59d6e8449210 (8 bytes)
1780930624.032437 sending message 112 to peer 0x59d6e8449210 (8 bytes)
1780930624.032443 sending message 112 to peer 0x59d6e8449210 (8 bytes)
1780930624.032450 sending message 112 to peer 0x59d6e8449210 (10 bytes)
1780930624.032457 sending message 112 to peer 0x59d6e8449210 (10 bytes)
1780930624.032464 sending message 112 to peer 0x59d6e8449210 (10 bytes)
1780930624.032471 sending message 112 to peer 0x59d6e8449210 (10 bytes)
1780930624.032477 sending message 112 to peer 0x59d6e8449210 (10 bytes)
1780930624.032484 sending message 112 to peer 0x59d6e8449210 (11 bytes)
1780930624.032491 sending message 112 to peer 0x59d6e8449210 (11 bytes)
1780930624.032498 sending message 112 to peer 0x59d6e8449210 (10 bytes)
1780930624.032504 sending message 112 to peer 0x59d6e8449210 (9 bytes)
1780930624.032511 sending message 112 to peer 0x59d6e8449210 (9 bytes)
1780930624.032518 sending message 112 to peer 0x59d6e8449210 (12 bytes)
1780930624.032525 sending message 112 to peer 0x59d6e8449210 (9 bytes)
1780930624.032531 sending message 112 to peer 0x59d6e8449210 (6 bytes)
1780930624.032538 sending message 112 to peer 0x59d6e8449210 (13 bytes)
1780930624.032545 sending message 112 to peer 0x59d6e8449210 (8 bytes)
1780930624.032552 sending message 112 to peer 0x59d6e8449210 (15 bytes)
1780930624.032559 sending message 112 to peer 0x59d6e8449210 (13 bytes)
1780930624.032565 sending message 112 to peer 0x59d6e8449210 (70 bytes)
1780930624.032572 sending message 112 to peer 0x59d6e8449210 (69 bytes)
1780930624.032579 sending message 112 to peer 0x59d6e8449210 (10 bytes)
1780930624.032586 sending message 112 to peer 0x59d6e8449210 (8 bytes)
1780930624.032593 sending message 112 to peer 0x59d6e8449210 (15 bytes)
1780930624.032599 sending message 112 to peer 0x59d6e8449210 (13 bytes)
1780930624.032606 sending message 112 to peer 0x59d6e8449210 (10 bytes)
1780930624.032613 sending message 112 to peer 0x59d6e8449210 (10 bytes)
1780930624.032620 sending message 112 to peer 0x59d6e8449210 (5 bytes)
1780930624.032626 sending message 112 to peer 0x59d6e8449210 (15 bytes)
1780930624.032635 sending message 104 to peer 0x59d6e8449210 (0 bytes)
1780930624.032643 sending message 110 to peer 0x59d6e8449210 (0 bytes)
1780930624.032651 sending message 107 to peer 0x59d6e8449210 (4 bytes)
1780930624.032658 sending message 105 to peer 0x59d6e8449210 (16 bytes)
1780930624.032665 sending message 105 to peer 0x59d6e8449210 (61 bytes)
1780930624.032671 sending message 105 to peer 0x59d6e8449210 (25 bytes)
1780930624.032678 sending message 105 to peer 0x59d6e8449210 (38 bytes)
1780930624.032685 sending message 105 to peer 0x59d6e8449210 (40 bytes)
1780930624.032692 sending message 105 to peer 0x59d6e8449210 (14 bytes)
1780930624.032698 sending message 105 to peer 0x59d6e8449210 (21 bytes)
1780930624.032705 sending message 105 to peer 0x59d6e8449210 (17 bytes)
1780930624.032712 sending message 105 to peer 0x59d6e8449210 (17 bytes)
1780930624.032719 sending message 105 to peer 0x59d6e8449210 (3454 bytes)
1780930624.032746 sending message 105 to peer 0x59d6e8449210 (20 bytes)
1780930624.032753 sending message 105 to peer 0x59d6e8449210 (52 bytes)
1780930624.032760 sending message 105 to peer 0x59d6e8449210 (38 bytes)
1780930624.032767 sending message 105 to peer 0x59d6e8449210 (25 bytes)
1780930624.032774 sending message 105 to peer 0x59d6e8449210 (23 bytes)
1780930624.032781 sending message 105 to peer 0x59d6e8449210 (21 bytes)
1780930624.032788 sending message 105 to peer 0x59d6e8449210 (11 bytes)
1780930624.032795 sending message 105 to peer 0x59d6e8449210 (14 bytes)
1780930624.032802 sending message 105 to peer 0x59d6e8449210 (8 bytes)
1780930624.032808 sending message 105 to peer 0x59d6e8449210 (14 bytes)
1780930624.032815 sending message 105 to peer 0x59d6e8449210 (21 bytes)
1780930624.032833 sending message 105 to peer 0x59d6e8449210 (31 bytes)
1780930624.032840 sending message 105 to peer 0x59d6e8449210 (34 bytes)
1780930624.032846 sending message 105 to peer 0x59d6e8449210 (65 bytes)
1780930624.032854 sending message 105 to peer 0x59d6e8449210 (16 bytes)
1780930624.032953 sending message 105 to peer 0x59d6e8449210 (263 bytes)
1780930624.032961 sending message 105 to peer 0x59d6e8449210 (54 bytes)
1780930624.032968 sending message 105 to peer 0x59d6e8449210 (52 bytes)
1780930624.032975 sending message 105 to peer 0x59d6e8449210 (21 bytes)
1780930624.032982 sending message 105 to peer 0x59d6e8449210 (19 bytes)
1780930624.032988 sending message 105 to peer 0x59d6e8449210 (25 bytes)
1780930624.032995 sending message 105 to peer 0x59d6e8449210 (18 bytes)
1780930624.033002 sending message 105 to peer 0x59d6e8449210 (16 bytes)
1780930624.033009 sending message 105 to peer 0x59d6e8449210 (51 bytes)
1780930624.033016 sending message 106 to peer 0x59d6e8449210 (0 bytes)
1780930624.033116 sending message 200 to peer 0x59d6e8449210 (4 bytes)
1780930624.033124 client loop enter
1780930624.034116 peer 0x59d6e8449210 message 303
1780930624.034136 open write file 2 -
1780930624.034152 sending message 305 to peer 0x59d6e8449210 (8 bytes)
1780930624.034186 write check file 2
1780930624.034471 peer 0x59d6e8449210 message 304
1780930624.034480 write 58 to file 2
1780930624.034489 peer 0x59d6e8449210 message 203
1780930624.034496 file 2 58 bytes left
1780930624.034525 write check file 2
1780930624.034532 client loop exit
